No errors in /Users/yperez/IdeaProjects/github-repo/pride-cluster/PRIDE-Cluster/cluster-data-generation/spectra-filter-importer/src/test/resources/noFDR/internal/PRIDE_Exp_Complete_Ac_1905.pride.mztab file!
