No errors in /nfs/pride/prod/archive/2007/03/PRD000020/internal/PRIDE_Exp_Complete_Ac_2021.pride.mztab file!
